Resolving dependencies...
Downloading packages...
  _fe_analyzer_shared 67.0.0 (92.0.0 available)
  _flutterfire_internals 1.3.59 (1.3.64 available)
  analyzer 6.4.1 (9.0.0 available)
  audio_session 0.1.25 (0.2.2 available)
  build 2.4.1 (4.0.3 available)
  build_config 1.1.2 (1.2.0 available)
  build_resolvers 2.4.2 (3.0.4 available)
  build_runner 2.4.13 (2.10.4 available)
  build_runner_core 7.3.2 (9.3.2 available)
  built_value 8.12.0 (8.12.1 available)
  characters 1.4.0 (1.4.1 available)
  chess 0.7.0 (0.8.1 available)
  cloud_firestore 5.6.12 (6.1.0 available)
  cloud_firestore_platform_interface 6.6.12 (7.0.4 available)
  cloud_firestore_web 4.4.12 (5.1.0 available)
  confetti 0.7.0 (0.8.0 available)
  connectivity_plus 5.0.2 (7.0.0 available)
  connectivity_plus_platform_interface 1.2.4 (2.0.1 available)
  dart_style 2.3.6 (3.1.3 available)
  file_selector_linux 0.9.3+3 (0.9.4 available)
  file_selector_macos 0.9.4+6 (0.9.5 available)
  firebase_app_check 0.3.2+10 (0.4.1+2 available)
  firebase_app_check_platform_interface 0.1.1+10 (0.2.1+2 available)
  firebase_app_check_web 0.2.0+14 (0.2.2 available)
  firebase_auth 5.7.0 (6.1.2 available)
  firebase_auth_platform_interface 7.7.3 (8.1.4 available)
  firebase_auth_web 5.15.3 (6.1.0 available)
  firebase_core 3.15.2 (4.2.1 available)
  firebase_core_web 2.24.1 (3.3.0 available)
  firebase_crashlytics 4.3.10 (5.0.5 available)
  firebase_crashlytics_platform_interface 3.8.10 (3.8.15 available)
  firebase_messaging 15.2.10 (16.0.4 available)
  firebase_messaging_platform_interface 4.6.10 (4.7.4 available)
  firebase_messaging_web 3.10.10 (4.1.0 available)
  firebase_storage 12.4.10 (13.0.4 available)
  firebase_storage_platform_interface 5.2.10 (5.2.15 available)
  firebase_storage_web 3.10.17 (3.11.0 available)
  flutter_lints 3.0.2 (6.0.0 available)
  flutter_plugin_android_lifecycle 2.0.32 (2.0.33 available)
  geolocator 11.1.0 (14.0.2 available)
  geolocator_android 4.6.2 (5.0.2 available)
  geolocator_web 3.0.0 (4.1.3 available)
  get_it 7.7.0 (9.1.1 available)
  google_fonts 6.3.2 (6.3.3 available)
  google_maps_flutter_android 2.18.4 (2.18.6 available)
  google_maps_flutter_ios 2.15.6 (2.15.7 available)
  google_maps_flutter_platform_interface 2.14.0 (2.14.1 available)
  google_sign_in 6.3.0 (7.2.0 available)
  google_sign_in_android 6.2.1 (7.2.7 available)
  google_sign_in_ios 5.9.0 (6.2.4 available)
  google_sign_in_platform_interface 2.5.0 (3.1.0 available)
  google_sign_in_web 0.12.4+4 (1.1.0 available)
  image_picker_android 0.8.13+9 (0.8.13+10 available)
  image_picker_ios 0.8.13+2 (0.8.13+3 available)
  intl 0.18.1 (0.20.2 available)
  js 0.6.7 (0.7.2 available)
  just_audio 0.9.46 (0.10.5 available)
  lints 3.0.0 (6.0.0 available)
  matcher 0.12.17 (0.12.18 available)
  material_color_utilities 0.11.1 (0.13.0 available)
  meta 1.16.0 (1.17.0 available)
  path_provider_android 2.2.20 (2.2.22 available)
  path_provider_foundation 2.4.3 (2.5.1 available)
  permission_handler 11.4.0 (12.0.1 available)
  permission_handler_android 12.1.0 (13.0.1 available)
  record 5.2.1 (6.1.2 available)
  record_android 1.4.4 (1.4.5 available)
! record_linux 1.2.1 (overridden)
  record_web 1.2.1 (1.2.2 available)
  shared_preferences_android 2.4.15 (2.4.18 available)
  shared_preferences_foundation 2.5.5 (2.5.6 available)
  shelf_web_socket 2.0.1 (3.0.0 available)
  socket_io_client 2.0.3+1 (3.1.3 available)
  socket_io_common 2.0.3 (3.1.1 available)
  source_gen 1.5.0 (4.1.1 available)
  source_helper 1.3.5 (1.3.9 available)
  table_calendar 3.0.9 (3.2.0 available)
  test_api 0.7.6 (0.7.8 available)
  timezone 0.9.4 (0.10.1 available)
  url_launcher_android 6.3.24 (6.3.28 available)
  url_launcher_ios 6.3.5 (6.3.6 available)
  url_launcher_linux 3.2.1 (3.2.2 available)
  url_launcher_macos 3.2.4 (3.2.5 available)
  url_launcher_windows 3.1.4 (3.1.5 available)
Got dependencies!
83 packages have newer versions incompatible with dependency constraints.
Try `flutter pub outdated` for more information.
Running Gradle task 'assembleDevDebug'...                       
flutter : 
At line:1 char:1
+ flutter build apk --flavor dev --debug 2>&1 | Tee-Object -FilePath "b ...
+ ~~~~~~~~~~~~~~~~~~~~~~~~~~~~~~~~~~~~~~~~~~~
    + CategoryInfo          : NotSpecified: (:String) [], RemoteException
    + FullyQualifiedErrorId : NativeCommandError
 
FAILURE: Build failed with an exception.

* What went wrong:
Execution failed for task ':app:checkDevDebugAarMetadata'.
> A failure occurred while executing com.android.build.gradle.internal.tasks.CheckAarMetadataWorkAction
   > An issue was found when checking AAR metadata:

       1.  Dependency 'com.google.android.recaptcha:recaptcha:18.8.0' requires core library desugaring to be enabled
           for :app.

           See https://developer.android.com/studio/write/java8-support.html for more
           details.

* Try:
> Run with --stacktrace option to get the stack trace.
> Run with --info or --debug option to get more log output.
> Run with --scan to get full insights.
> Get more help at https://help.gradle.org.

BUILD FAILED in 2m 14s
Running Gradle task 'assembleDevDebug'...                         136.9s
Gradle task assembleDevDebug failed with exit code 1
